// Jest Snapshot v1, https://goo.gl/fbAQLP

exports[` 1`] = `
Array [
  <div
    aria-atomic="true"
    aria-live="assertive"
    className="fade toast show"
    role="alert"
    style={
      Object {
        "width": "50%",
      }
    }
  >
    <div
      className="toast-body"
    >
      hey
    </div>
  </div>,
  <div
    aria-atomic="true"
    aria-live="assertive"
    className="fade toast show"
    role="alert"
    style={
      Object {
        "marginLeft": "55%",
        "width": "50%",
      }
    }
  >
    <div
      className="toast-body"
    >
      hey
    </div>
  </div>,
  <div
    aria-atomic="true"
    aria-live="assertive"
    className="fade toast show"
    role="alert"
    style={
      Object {
        "width": "50%",
      }
    }
  >
    <div
      className="toast-body"
    >
      hi
    </div>
  </div>,
  <div
    aria-atomic="true"
    aria-live="assertive"
    className="fade toast show"
    role="alert"
    style={
      Object {
        "marginLeft": "55%",
        "width": "50%",
      }
    }
  >
    <div
      className="toast-body"
    >
      hi
    </div>
  </div>,
]
`;

exports[`chat page 1`] = `
Array [
  <div
    aria-atomic="true"
    aria-live="assertive"
    className="fade toast show"
    role="alert"
    style={
      Object {
        "width": "50%",
      }
    }
  >
    <div
      className="toast-body"
    >
      hey
    </div>
  </div>,
  <div
    aria-atomic="true"
    aria-live="assertive"
    className="fade toast show"
    role="alert"
    style={
      Object {
        "marginLeft": "55%",
        "width": "50%",
      }
    }
  >
    <div
      className="toast-body"
    >
      hey
    </div>
  </div>,
  <div
    aria-atomic="true"
    aria-live="assertive"
    className="fade toast show"
    role="alert"
    style={
      Object {
        "width": "50%",
      }
    }
  >
    <div
      className="toast-body"
    >
      hi
    </div>
  </div>,
  <div
    aria-atomic="true"
    aria-live="assertive"
    className="fade toast show"
    role="alert"
    style={
      Object {
        "marginLeft": "55%",
        "width": "50%",
      }
    }
  >
    <div
      className="toast-body"
    >
      hi
    </div>
  </div>,
]
`;

exports[`mock hook 1`] = `
Array [
  <div
    aria-atomic="true"
    aria-live="assertive"
    className="fade toast show"
    role="alert"
    style={
      Object {
        "width": "50%",
      }
    }
  >
    <div
      className="toast-body"
    >
      hey
    </div>
  </div>,
  <div
    aria-atomic="true"
    aria-live="assertive"
    className="fade toast show"
    role="alert"
    style={
      Object {
        "marginLeft": "55%",
        "width": "50%",
      }
    }
  >
    <div
      className="toast-body"
    >
      hey
    </div>
  </div>,
  <div
    aria-atomic="true"
    aria-live="assertive"
    className="fade toast show"
    role="alert"
    style={
      Object {
        "width": "50%",
      }
    }
  >
    <div
      className="toast-body"
    >
      hi
    </div>
  </div>,
  <div
    aria-atomic="true"
    aria-live="assertive"
    className="fade toast show"
    role="alert"
    style={
      Object {
        "marginLeft": "55%",
        "width": "50%",
      }
    }
  >
    <div
      className="toast-body"
    >
      hi
    </div>
  </div>,
]
`;
